{
  "firstName": "Miguel",
  "genre": "MALE",
  "balance": {
    "amount": 100.0
  }
}